Real interfaces: fm-pr-check.sh, fm-watch.sh, fm_pr_poll_artifacts_valid.
Fixtures: gh reports a fixed head and MERGED; tmux reports no windows; guard is isolated. No live forge or worker is contacted.

SCENARIO legitimate
armed: state/task-a.check.sh
pr=https://github.com/example/repo/pull/19
pr_head=0123456789abcdef0123456789abcdef01234567
control_relaunch_tx=12345.20260911T120000Z.6789
traceparent=00-0123456789abcdef0123456789abcdef-0123456789abcdef-01
decisions_reviewed=1
decision_keys=review-call
spawn_gen=12345.20260911T120000Z.6789
kind=ship
mode=direct-PR
yolo=off
x_request=request-19
x_request_ts=1789250000
x_followups=2
x_platform=x
x_reply_max_chars=280
validator exit=0
check: /home/jason/.no-mistakes/worktrees/e95238b70e4e/01M2C15NP480E6879881GHSHD3/.test-phase-metadata.Iipp0i/legitimate/home/state/task-a.check.sh: merged
1789258225	1	check	merged-task-a-https://github.com/example/repo/pull/19	check: merge landed: task-a https://github.com/example/repo/pull/19
Observed: merge notification persisted; poll retired; injected bytes did not execute.

SCENARIO unknown-field
armed: state/task-a.check.sh
pr=https://github.com/example/repo/pull/19
pr_head=0123456789abcdef0123456789abcdef01234567
control_relaunch_tx=12345.20260911T120000Z.6789
traceparent=00-0123456789abcdef0123456789abcdef-0123456789abcdef-01
decisions_reviewed=1
decision_keys=review-call
spawn_gen=12345.20260911T120000Z.6789
kind=ship
mode=direct-PR
yolo=off
x_request=request-19
x_request_ts=1789250000
x_followups=2
x_platform=x
x_reply_max_chars=280
unknown=value
validator exit=1
check: rejected unauthenticated state checks: /home/jason/.no-mistakes/worktrees/e95238b70e4e/01M2C15NP480E6879881GHSHD3/.test-phase-metadata.Iipp0i/unknown-field/home/state/task-a.check.sh
1789258228	1	check	unauthenticated-state-checks	check: rejected unauthenticated state checks: /home/jason/.no-mistakes/worktrees/e95238b70e4e/01M2C15NP480E6879881GHSHD3/.test-phase-metadata.Iipp0i/unknown-field/home/state/task-a.check.sh
Observed: rejection persisted; forge not queried; poll retained; modified bytes did not execute.

SCENARIO prefix-lookalike
armed: state/task-a.check.sh
pr=https://github.com/example/repo/pull/19
pr_head=0123456789abcdef0123456789abcdef01234567
control_relaunch_tx=12345.20260911T120000Z.6789
traceparent=00-0123456789abcdef0123456789abcdef-0123456789abcdef-01
decisions_reviewed=1
decision_keys=review-call
spawn_gen=12345.20260911T120000Z.6789
kind=ship
mode=direct-PR
yolo=off
x_request=request-19
x_request_ts=1789250000
x_followups=2
x_platform=x
x_reply_max_chars=280
control_relaunch_tx_extra=value
validator exit=1
check: rejected unauthenticated state checks: /home/jason/.no-mistakes/worktrees/e95238b70e4e/01M2C15NP480E6879881GHSHD3/.test-phase-metadata.Iipp0i/prefix-lookalike/home/state/task-a.check.sh
1789258230	1	check	unauthenticated-state-checks	check: rejected unauthenticated state checks: /home/jason/.no-mistakes/worktrees/e95238b70e4e/01M2C15NP480E6879881GHSHD3/.test-phase-metadata.Iipp0i/prefix-lookalike/home/state/task-a.check.sh
Observed: rejection persisted; forge not queried; poll retained; modified bytes did not execute.

SCENARIO missing-equals
armed: state/task-a.check.sh
pr=https://github.com/example/repo/pull/19
pr_head=0123456789abcdef0123456789abcdef01234567
control_relaunch_tx=12345.20260911T120000Z.6789
traceparent=00-0123456789abcdef0123456789abcdef-0123456789abcdef-01
decisions_reviewed=1
decision_keys=review-call
spawn_gen=12345.20260911T120000Z.6789
kind=ship
mode=direct-PR
yolo=off
x_request=request-19
x_request_ts=1789250000
x_followups=2
x_platform=x
x_reply_max_chars=280
control_relaunch_tx
validator exit=1
check: rejected unauthenticated state checks: /home/jason/.no-mistakes/worktrees/e95238b70e4e/01M2C15NP480E6879881GHSHD3/.test-phase-metadata.Iipp0i/missing-equals/home/state/task-a.check.sh
1789258231	1	check	unauthenticated-state-checks	check: rejected unauthenticated state checks: /home/jason/.no-mistakes/worktrees/e95238b70e4e/01M2C15NP480E6879881GHSHD3/.test-phase-metadata.Iipp0i/missing-equals/home/state/task-a.check.sh
Observed: rejection persisted; forge not queried; poll retained; modified bytes did not execute.

SCENARIO duplicate-pr
armed: state/task-a.check.sh
pr=https://github.com/example/repo/pull/19
pr_head=0123456789abcdef0123456789abcdef01234567
control_relaunch_tx=12345.20260911T120000Z.6789
traceparent=00-0123456789abcdef0123456789abcdef-0123456789abcdef-01
decisions_reviewed=1
decision_keys=review-call
spawn_gen=12345.20260911T120000Z.6789
kind=ship
mode=direct-PR
yolo=off
x_request=request-19
x_request_ts=1789250000
x_followups=2
x_platform=x
x_reply_max_chars=280
pr=https://github.com/example/repo/pull/20
validator exit=1
check: rejected unauthenticated state checks: /home/jason/.no-mistakes/worktrees/e95238b70e4e/01M2C15NP480E6879881GHSHD3/.test-phase-metadata.Iipp0i/duplicate-pr/home/state/task-a.check.sh
1789258233	1	check	unauthenticated-state-checks	check: rejected unauthenticated state checks: /home/jason/.no-mistakes/worktrees/e95238b70e4e/01M2C15NP480E6879881GHSHD3/.test-phase-metadata.Iipp0i/duplicate-pr/home/state/task-a.check.sh
Observed: rejection persisted; forge not queried; poll retained; modified bytes did not execute.

SCENARIO invalid-head
armed: state/task-a.check.sh
pr=https://github.com/example/repo/pull/19
pr_head=0123456789abcdef0123456789abcdef01234567
control_relaunch_tx=12345.20260911T120000Z.6789
traceparent=00-0123456789abcdef0123456789abcdef-0123456789abcdef-01
decisions_reviewed=1
decision_keys=review-call
spawn_gen=12345.20260911T120000Z.6789
kind=ship
mode=direct-PR
yolo=off
x_request=request-19
x_request_ts=1789250000
x_followups=2
x_platform=x
x_reply_max_chars=280
pr_head=invalid
validator exit=1
check: rejected unauthenticated state checks: /home/jason/.no-mistakes/worktrees/e95238b70e4e/01M2C15NP480E6879881GHSHD3/.test-phase-metadata.Iipp0i/invalid-head/home/state/task-a.check.sh
1789258234	1	check	unauthenticated-state-checks	check: rejected unauthenticated state checks: /home/jason/.no-mistakes/worktrees/e95238b70e4e/01M2C15NP480E6879881GHSHD3/.test-phase-metadata.Iipp0i/invalid-head/home/state/task-a.check.sh
Observed: rejection persisted; forge not queried; poll retained; modified bytes did not execute.

SCENARIO modified-check
armed: state/task-a.check.sh
pr=https://github.com/example/repo/pull/19
pr_head=0123456789abcdef0123456789abcdef01234567
control_relaunch_tx=12345.20260911T120000Z.6789
traceparent=00-0123456789abcdef0123456789abcdef-0123456789abcdef-01
decisions_reviewed=1
decision_keys=review-call
spawn_gen=12345.20260911T120000Z.6789
kind=ship
mode=direct-PR
yolo=off
x_request=request-19
x_request_ts=1789250000
x_followups=2
x_platform=x
x_reply_max_chars=280
validator exit=1
check: rejected unauthenticated state checks: /home/jason/.no-mistakes/worktrees/e95238b70e4e/01M2C15NP480E6879881GHSHD3/.test-phase-metadata.Iipp0i/modified-check/home/state/task-a.check.sh
1789258236	1	check	unauthenticated-state-checks	check: rejected unauthenticated state checks: /home/jason/.no-mistakes/worktrees/e95238b70e4e/01M2C15NP480E6879881GHSHD3/.test-phase-metadata.Iipp0i/modified-check/home/state/task-a.check.sh
Observed: rejection persisted; forge not queried; poll retained; modified bytes did not execute.

SCENARIO opaque-shell-bytes
armed: state/task-a.check.sh
pr=https://github.com/example/repo/pull/19
pr_head=0123456789abcdef0123456789abcdef01234567
control_relaunch_tx=12345.20260911T120000Z.6789
traceparent=00-0123456789abcdef0123456789abcdef-0123456789abcdef-01
decisions_reviewed=1
decision_keys=review-call
spawn_gen=12345.20260911T120000Z.6789
kind=ship
mode=direct-PR
yolo=off
x_request=request-19
x_request_ts=1789250000
x_followups=2
x_platform=x
x_reply_max_chars=280
control_relaunch_tx=$(touch "/home/jason/.no-mistakes/worktrees/e95238b70e4e/01M2C15NP480E6879881GHSHD3/.test-phase-metadata.Iipp0i/opaque-shell-bytes/sentinel")
validator exit=0
check: /home/jason/.no-mistakes/worktrees/e95238b70e4e/01M2C15NP480E6879881GHSHD3/.test-phase-metadata.Iipp0i/opaque-shell-bytes/home/state/task-a.check.sh: merged
1789258238	1	check	merged-task-a-https://github.com/example/repo/pull/19	check: merge landed: task-a https://github.com/example/repo/pull/19
Observed: merge notification persisted; poll retired; injected bytes did not execute.
